------------------------------------------------------------
TimeQuest Timing Analyzer Summary
------------------------------------------------------------

Type  : Setup 'temporizador:t|count[15]'
Slack : -15.615
TNS   : -23179.797

Type  : Setup 'contadorDePrograma:PC|pc[0]'
Slack : -13.489
TNS   : -152.678

Type  : Setup 'clock50'
Slack : -1.604
TNS   : -16.301

Type  : Hold 'contadorDePrograma:PC|pc[0]'
Slack : -0.267
TNS   : -1.078

Type  : Hold 'clock50'
Slack : 0.408
TNS   : 0.000

Type  : Hold 'temporizador:t|count[15]'
Slack : 0.921
TNS   : 0.000

Type  : Recovery 'bancoDeRegistradores:br1|estagioEntradaBanco'
Slack : -9.636
TNS   : -9.636

Type  : Removal 'bancoDeRegistradores:br1|estagioEntradaBanco'
Slack : 1.825
TNS   : 0.000

Type  : Minimum Pulse Width 'clock50'
Slack : -3.000
TNS   : -23.560

Type  : Minimum Pulse Width 'contadorDePrograma:PC|pc[0]'
Slack : -2.044
TNS   : -348.360

Type  : Minimum Pulse Width 'temporizador:t|count[15]'
Slack : -1.285
TNS   : -2505.750

Type  : Minimum Pulse Width 'bancoDeRegistradores:br1|estagioEntradaBanco'
Slack : 0.437
TNS   : 0.000

------------------------------------------------------------
