------------------------------------------------------------
TimeQuest Timing Analyzer Summary
------------------------------------------------------------

Type  : Setup 'temporizador:t|count[19]'
Slack : -129.163
TNS   : -83746.372

Type  : Setup 'contadorDePrograma:PC|pc[0]'
Slack : -17.372
TNS   : -197.777

Type  : Setup 'clock50'
Slack : -1.937
TNS   : -25.507

Type  : Hold 'contadorDePrograma:PC|pc[0]'
Slack : -0.468
TNS   : -2.266

Type  : Hold 'clock50'
Slack : 0.408
TNS   : 0.000

Type  : Hold 'temporizador:t|count[19]'
Slack : 0.547
TNS   : 0.000

Type  : Recovery 'bancoDeRegistradores:br1|estagioEntradaBanco'
Slack : -9.287
TNS   : -9.287

Type  : Removal 'bancoDeRegistradores:br1|estagioEntradaBanco'
Slack : 1.125
TNS   : 0.000

Type  : Minimum Pulse Width 'contadorDePrograma:PC|pc[0]'
Slack : -5.159
TNS   : -663.289

Type  : Minimum Pulse Width 'clock50'
Slack : -3.000
TNS   : -28.700

Type  : Minimum Pulse Width 'temporizador:t|count[19]'
Slack : -1.285
TNS   : -2549.440

Type  : Minimum Pulse Width 'bancoDeRegistradores:br1|estagioEntradaBanco'
Slack : 0.447
TNS   : 0.000

------------------------------------------------------------
